> Task :compileJava UP-TO-DATE
> Task :processResources
> Task :classes
> Task :resolveMainClassName

> Task :bootRun

  .   ____          _            __ _ _
 /\\ / ___'_ __ _ _(_)_ __  __ _ \ \ \ \
( ( )\___ | '_ | '_| | '_ \/ _` | \ \ \ \
 \\/  ___)| |_)| | | | | || (_| |  ) ) ) )
  '  |____| .__|_| |_|_| |_\__, | / / / /
 =========|_|==============|___/=/_/_/_/
 :: Spring Boot ::                (v3.2.3)

2026-08-13T20:38:30.105+09:00  INFO 26756 --- [  restartedMain] project.movie24.Movie24Application       : Starting Movie24Application using Java 20 with PID 26756 (C:\project\Movie24\build\classes\java\main started by Á¤¼öÈ¯ in C:\project\Movie24)
2026-08-13T20:38:30.110+09:00  INFO 26756 --- [  restartedMain] project.movie24.Movie24Application       : No active profile set, falling back to 1 default profile: "default"
2026-08-13T20:38:30.154+09:00  INFO 26756 --- [  restartedMain] .e.DevToolsPropertyDefaultsPostProcessor : Devtools property defaults active! Set 'spring.devtools.add-properties' to 'false' to disable
2026-08-13T20:38:30.154+09:00  INFO 26756 --- [  restartedMain] .e.DevToolsPropertyDefaultsPostProcessor : For additional web related logging consider setting the 'logging.level.web' property to 'DEBUG'
2026-08-13T20:38:31.013+09:00  INFO 26756 --- [  restartedMain] .s.d.r.c.RepositoryConfigurationDelegate : Bootstrapping Spring Data JPA repositories in DEFAULT mode.
2026-08-13T20:38:31.139+09:00  INFO 26756 --- [  restartedMain] .s.d.r.c.RepositoryConfigurationDelegate : Finished Spring Data repository scanning in 118 ms. Found 17 JPA repository interfaces.
2026-08-13T20:38:31.791+09:00  INFO 26756 --- [  restartedMain] o.s.b.w.embedded.tomcat.TomcatWebServer  : Tomcat initialized with port 8082 (http)
2026-08-13T20:38:31.791+09:00  INFO 26756 --- [  restartedMain] o.apache.catalina.core.StandardService   : Starting service [Tomcat]
2026-08-13T20:38:31.791+09:00  INFO 26756 --- [  restartedMain] o.apache.catalina.core.StandardEngine    : Starting Servlet engine: [Apache Tomcat/10.1.19]
2026-08-13T20:38:31.854+09:00  INFO 26756 --- [  restartedMain] o.a.c.c.C.[Tomcat].[localhost].[/]       : Initializing Spring embedded WebApplicationContext
2026-08-13T20:38:31.854+09:00  INFO 26756 --- [  restartedMain] w.s.c.ServletWebServerApplicationContext : Root WebApplicationContext: initialization completed in 1700 ms
2026-08-13T20:38:31.950+09:00  INFO 26756 --- [  restartedMain] com.zaxxer.hikari.HikariDataSource       : HikariPool-1 - Starting...
2026-08-13T20:38:32.094+09:00  INFO 26756 --- [  restartedMain] com.zaxxer.hikari.pool.HikariPool        : HikariPool-1 - Added connection com.mysql.cj.jdbc.ConnectionImpl@7a486b91
2026-08-13T20:38:32.094+09:00  INFO 26756 --- [  restartedMain] com.zaxxer.hikari.HikariDataSource       : HikariPool-1 - Start completed.
2026-08-13T20:38:32.190+09:00  INFO 26756 --- [  restartedMain] o.f.c.internal.license.VersionPrinter    : Flyway Community Edition 9.22.3 by Redgate
2026-08-13T20:38:32.190+09:00  INFO 26756 --- [  restartedMain] o.f.c.internal.license.VersionPrinter    : See release notes here: https://rd.gt/416ObMi
2026-08-13T20:38:32.190+09:00  INFO 26756 --- [  restartedMain] o.f.c.internal.license.VersionPrinter    : 
2026-08-13T20:38:32.211+09:00  INFO 26756 --- [  restartedMain] org.flywaydb.core.FlywayExecutor         : Database: jdbc:mysql://localhost:3306/movie24 (MySQL 8.0)
2026-08-13T20:38:32.258+09:00  INFO 26756 --- [  restartedMain] o.f.core.internal.command.DbValidate     : Successfully validated 21 migrations (execution time 00:00.038s)
2026-08-13T20:38:32.274+09:00  INFO 26756 --- [  restartedMain] o.f.core.internal.command.DbMigrate      : Current version of schema `movie24`: 20
2026-08-13T20:38:32.274+09:00  INFO 26756 --- [  restartedMain] o.f.core.internal.command.DbMigrate      : Schema `movie24` is up to date. No migration necessary.
2026-08-13T20:38:32.400+09:00  INFO 26756 --- [  restartedMain] o.hibernate.jpa.internal.util.LogHelper  : HHH000204: Processing PersistenceUnitInfo [name: default]
2026-08-13T20:38:32.464+09:00  INFO 26756 --- [  restartedMain] org.hibernate.Version                    : HHH000412: Hibernate ORM core version 6.4.4.Final
2026-08-13T20:38:32.496+09:00  INFO 26756 --- [  restartedMain] o.h.c.internal.RegionFactoryInitiator    : HHH000026: Second-level cache disabled
2026-08-13T20:38:32.750+09:00  INFO 26756 --- [  restartedMain] o.s.o.j.p.SpringPersistenceUnitInfo      : No LoadTimeWeaver setup: ignoring JPA class transformer
2026-08-13T20:38:33.930+09:00  INFO 26756 --- [  restartedMain] o.h.e.t.j.p.i.JtaPlatformInitiator       : HHH000489: No JTA platform available (set 'hibernate.transaction.jta.platform' to enable JTA platform integration)
2026-08-13T20:38:33.978+09:00  INFO 26756 --- [  restartedMain] j.LocalContainerEntityManagerFactoryBean : Initialized JPA EntityManagerFactory for persistence unit 'default'
2026-08-13T20:38:34.249+09:00  INFO 26756 --- [  restartedMain] o.s.d.j.r.query.QueryEnhancerFactory     : Hibernate is in classpath; If applicable, HQL parser will be used.
2026-08-13T20:38:36.611+09:00  WARN 26756 --- [  restartedMain] JpaBaseConfiguration$JpaWebConfiguration : spring.jpa.open-in-view is enabled by default. Therefore, database queries may be performed during view rendering. Explicitly configure spring.jpa.open-in-view to disable this warning
2026-08-13T20:38:36.779+09:00  INFO 26756 --- [  restartedMain] o.s.b.a.w.s.WelcomePageHandlerMapping    : Adding welcome page: class path resource [static/index.html]
2026-08-13T20:38:37.361+09:00  INFO 26756 --- [  restartedMain] o.s.s.web.DefaultSecurityFilterChain     : Will secure any request with [org.springframework.security.web.session.DisableEncodeUrlFilter@1e30dd06, org.springframework.security.web.context.request.async.WebAsyncManagerIntegrationFilter@1e3eb83d, org.springframework.security.web.context.SecurityContextHolderFilter@6b7b797b, org.springframework.security.web.header.HeaderWriterFilter@5a578b66, org.springframework.web.filter.CorsFilter@9d62cdb, org.springframework.security.web.csrf.CsrfFilter@595b5f83, org.springframework.security.web.authentication.logout.LogoutFilter@418bab0f, org.springframework.security.oauth2.client.web.OAuth2AuthorizationRequestRedirectFilter@3657d598, org.springframework.security.oauth2.client.web.OAuth2LoginAuthenticationFilter@760ed005, org.springframework.security.web.savedrequest.RequestCacheAwareFilter@56706607, org.springframework.security.web.servletapi.SecurityContextHolderAwareRequestFilter@1f438c65, org.springframework.security.web.authentication.AnonymousAuthenticationFilter@56187fc8, org.springframework.security.web.access.ExceptionTranslationFilter@5b5f034e, project.movie24.config.PendingSocialSignupFilter@4ed850e0, org.springframework.security.web.access.intercept.AuthorizationFilter@24136d5]
2026-08-13T20:38:37.825+09:00  INFO 26756 --- [  restartedMain] o.s.b.d.a.OptionalLiveReloadServer       : LiveReload server is running on port 35729
2026-08-13T20:38:37.855+09:00  INFO 26756 --- [  restartedMain] o.s.b.w.embedded.tomcat.TomcatWebServer  : Tomcat started on port 8082 (http) with context path ''
2026-08-13T20:38:37.855+09:00  INFO 26756 --- [  restartedMain] project.movie24.Movie24Application       : Started Movie24Application in 8.141 seconds (process running for 8.684)
Hibernate: 
    select
        u1_0.user_id,
        u1_0.address,
        u1_0.birth_date,
        u1_0.created_at,
        u1_0.email,
        u1_0.email_status,
        u1_0.gender,
        u1_0.grade,
        u1_0.login_id,
        u1_0.name,
        u1_0.nick_name,
        u1_0.password,
        u1_0.phone,
        u1_0.point,
        u1_0.provider,
        u1_0.provider_id,
        u1_0.updated_at 
    from
        user u1_0 
    where
        u1_0.login_id=?
Hibernate: 
    select
        u1_0.user_id,
        u1_0.address,
        u1_0.birth_date,
        u1_0.created_at,
        u1_0.email,
        u1_0.email_status,
        u1_0.gender,
        u1_0.grade,
        u1_0.login_id,
        u1_0.name,
        u1_0.nick_name,
        u1_0.password,
        u1_0.phone,
        u1_0.point,
        u1_0.provider,
        u1_0.provider_id,
        u1_0.updated_at 
    from
        user u1_0 
    where
        u1_0.login_id=?
Hibernate: 
    select
        count(*) 
    from
        theater t1_0
Hibernate: 
    select
        s1_0.showtime_id 
    from
        showtime s1_0 
    where
        s1_0.start_time>? 
    limit
        ?
2026-08-13T20:38:46.118+09:00  INFO 26756 --- [nio-8082-exec-1] o.a.c.c.C.[Tomcat].[localhost].[/]       : Initializing Spring DispatcherServlet 'dispatcherServlet'
2026-08-13T20:38:46.118+09:00  INFO 26756 --- [nio-8082-exec-1] o.s.web.servlet.DispatcherServlet        : Initializing Servlet 'dispatcherServlet'
2026-08-13T20:38:46.118+09:00  INFO 26756 --- [nio-8082-exec-1] o.s.web.servlet.DispatcherServlet        : Completed initialization in 0 ms
2026-08-13T20:38:46.151+09:00  INFO 26756 --- [nio-8082-exec-1] p.m.web.interceptor.LogInterceptor       : REQUEST [10c2eca4-3ab2-41d7-b4b0-8e4fc24a1686][/login][project.movie24.user.controller.LoginController#loginForm(LoginForm)]
2026-08-13T20:38:46.173+09:00  INFO 26756 --- [nio-8082-exec-1] p.m.web.interceptor.LogInterceptor       : postHandle [ModelAndView [view="/users/loginForm"; model={loginForm=LoginForm(loginId=null, password=null), org.springframework.validation.BindingResult.loginForm=org.springframework.validation.BeanPropertyBindingResult: 0 errors}]]
2026-08-13T20:38:46.392+09:00  WARN 26756 --- [nio-8082-exec-1] actStandardFragmentInsertionTagProcessor : [THYMELEAF][http-nio-8082-exec-1][/users/loginForm] Deprecated unwrapped fragment expression "fragment/header.html :: header" found in template /users/loginForm, line 16, col 8. Please use the complete syntax of fragment expressions instead ("~{fragment/header.html :: header}"). The old, unwrapped syntax for fragment expressions will be removed in future versions of Thymeleaf.
2026-08-13T20:38:46.484+09:00  WARN 26756 --- [nio-8082-exec-1] actStandardFragmentInsertionTagProcessor : [THYMELEAF][http-nio-8082-exec-1][/users/loginForm] Deprecated unwrapped fragment expression "fragment/nav.html :: nav" found in template /users/loginForm, line 18, col 8. Please use the complete syntax of fragment expressions instead ("~{fragment/nav.html :: nav}"). The old, unwrapped syntax for fragment expressions will be removed in future versions of Thymeleaf.
2026-08-13T20:38:46.502+09:00  WARN 26756 --- [nio-8082-exec-1] actStandardFragmentInsertionTagProcessor : [THYMELEAF][http-nio-8082-exec-1][/users/loginForm] Deprecated unwrapped fragment expression "fragment/footer.html :: footer" found in template /users/loginForm, line 53, col 8. Please use the complete syntax of fragment expressions instead ("~{fragment/footer.html :: footer}"). The old, unwrapped syntax for fragment expressions will be removed in future versions of Thymeleaf.
2026-08-13T20:38:46.517+09:00  INFO 26756 --- [nio-8082-exec-1] p.m.web.interceptor.LogInterceptor       : RESPONSE [10c2eca4-3ab2-41d7-b4b0-8e4fc24a1686][/login]
2026-08-13T20:38:46.660+09:00  INFO 26756 --- [nio-8082-exec-3] p.m.web.interceptor.LogInterceptor       : REQUEST [879b4990-dc45-41cf-a331-0edd5f2961b9][/api/login][project.movie24.user.controller.AuthApiController#login(LoginRequest, HttpServletRequest, HttpServletResponse)]
Hibernate: 
    select
        u1_0.user_id,
        u1_0.address,
        u1_0.birth_date,
        u1_0.created_at,
        u1_0.email,
        u1_0.email_status,
        u1_0.gender,
        u1_0.grade,
        u1_0.login_id,
        u1_0.name,
        u1_0.nick_name,
        u1_0.password,
        u1_0.phone,
        u1_0.point,
        u1_0.provider,
        u1_0.provider_id,
        u1_0.updated_at 
    from
        user u1_0 
    where
        u1_0.login_id=?
2026-08-13T20:38:46.914+09:00  INFO 26756 --- [nio-8082-exec-3] p.m.web.interceptor.LogInterceptor       : postHandle [null]
2026-08-13T20:38:46.914+09:00  INFO 26756 --- [nio-8082-exec-3] p.m.web.interceptor.LogInterceptor       : RESPONSE [879b4990-dc45-41cf-a331-0edd5f2961b9][/api/login]
2026-08-13T20:38:46.984+09:00  INFO 26756 --- [nio-8082-exec-5] p.m.web.interceptor.LogInterceptor       : REQUEST [78eaf295-fc25-41d8-b2a5-d4b999e4295f][/myPage/reservations/552][project.movie24.mypage.controller.MyPageController#reservationDetail(UserPrincipal, Long, Model)]
Hibernate: 
    select
        r1_0.reservation_id,
        r1_0.coupon_discount_amount,
        r1_0.earned_point,
        r1_0.entry_code,
        r1_0.grade_discount_amount,
        r1_0.reserved_at,
        r1_0.showtime_id,
        r1_0.status,
        r1_0.ticket_voucher_id,
        r1_0.total_price,
        r1_0.used_point,
        r1_0.user_id,
        r1_0.user_coupon_id,
        r1_0.voucher_discount_amount 
    from
        reservation r1_0 
    where
        r1_0.reservation_id=?
Hibernate: 
    select
        rs1_0.reservation_seat_id,
        rs1_0.reservation_id,
        rs1_0.seat_id,
        rs1_0.showtime_id 
    from
        reservation_seat rs1_0 
    left join
        reservation r1_0 
            on r1_0.reservation_id=rs1_0.reservation_id 
    where
        r1_0.reservation_id=?
Hibernate: 
    select
        s1_0.seat_id,
        s1_0.row_label,
        s1_0.screen_id,
        s1_0.seat_number 
    from
        seat s1_0 
    where
        s1_0.seat_id=?
Hibernate: 
    select
        s1_0.seat_id,
        s1_0.row_label,
        s1_0.screen_id,
        s1_0.seat_number 
    from
        seat s1_0 
    where
        s1_0.seat_id=?
2026-08-13T20:38:47.013+09:00  INFO 26756 --- [nio-8082-exec-5] p.m.web.interceptor.LogInterceptor       : postHandle [ModelAndView [view="myPage/reservationDetail"; model={reservation=project.movie24.reservation.domain.Reservation@6080d033, seatLabels=[C10, C11], org.springframework.validation.BindingResult.reservation=org.springframework.validation.BeanPropertyBindingResult: 0 errors}]]
2026-08-13T20:38:47.013+09:00  WARN 26756 --- [nio-8082-exec-5] actStandardFragmentInsertionTagProcessor : [THYMELEAF][http-nio-8082-exec-5][myPage/reservationDetail] Deprecated unwrapped fragment expression "fragment/header.html :: header" found in template myPage/reservationDetail, line 17, col 10. Please use the complete syntax of fragment expressions instead ("~{fragment/header.html :: header}"). The old, unwrapped syntax for fragment expressions will be removed in future versions of Thymeleaf.
2026-08-13T20:38:47.013+09:00  WARN 26756 --- [nio-8082-exec-5] actStandardFragmentInsertionTagProcessor : [THYMELEAF][http-nio-8082-exec-5][myPage/reservationDetail] Deprecated unwrapped fragment expression "fragment/nav.html :: nav" found in template myPage/reservationDetail, line 18, col 10. Please use the complete syntax of fragment expressions instead ("~{fragment/nav.html :: nav}"). The old, unwrapped syntax for fragment expressions will be removed in future versions of Thymeleaf.
Hibernate: 
    select
        s1_0.showtime_id,
        s1_0.base_price,
        s1_0.movie_id,
        s1_0.screen_id,
        s1_0.start_time 
    from
        showtime s1_0 
    where
        s1_0.showtime_id=?
Hibernate: 
    select
        m1_0.movie_id,
        m1_0.actors,
        m1_0.age_rating,
        m1_0.country,
        m1_0.director,
        m1_0.genre,
        m1_0.poster_image_url,
        m1_0.release_date,
        m1_0.runtime_minutes,
        m1_0.status,
        m1_0.synopsis,
        m1_0.title,
        m1_0.trailer_video_url 
    from
        movie m1_0 
    where
        m1_0.movie_id=?
Hibernate: 
    select
        s1_0.screen_id,
        s1_0.name,
        s1_0.screen_type,
        s1_0.theater_id,
        s1_0.total_seats 
    from
        screen s1_0 
    where
        s1_0.screen_id=?
Hibernate: 
    select
        t1_0.theater_id,
        t1_0.address,
        t1_0.latitude,
        t1_0.longitude,
        t1_0.name,
        t1_0.region 
    from
        theater t1_0 
    where
        t1_0.theater_id=?
2026-08-13T20:38:47.044+09:00  WARN 26756 --- [nio-8082-exec-5] actStandardFragmentInsertionTagProcessor : [THYMELEAF][http-nio-8082-exec-5][myPage/reservationDetail] Deprecated unwrapped fragment expression "fragment/footer.html :: footer" found in template myPage/reservationDetail, line 127, col 10. Please use the complete syntax of fragment expressions instead ("~{fragment/footer.html :: footer}"). The old, unwrapped syntax for fragment expressions will be removed in future versions of Thymeleaf.
2026-08-13T20:38:47.059+09:00  INFO 26756 --- [nio-8082-exec-5] p.m.web.interceptor.LogInterceptor       : RESPONSE [78eaf295-fc25-41d8-b2a5-d4b999e4295f][/myPage/reservations/552]
2026-08-13T20:38:53.947+09:00  INFO 26756 --- [nio-8082-exec-7] p.m.web.interceptor.LogInterceptor       : REQUEST [425a8640-714a-4e06-a829-faa96b7b82e4][/login][project.movie24.user.controller.LoginController#loginForm(LoginForm)]
2026-08-13T20:38:53.947+09:00  INFO 26756 --- [nio-8082-exec-7] p.m.web.interceptor.LogInterceptor       : postHandle [ModelAndView [view="/users/loginForm"; model={loginForm=LoginForm(loginId=null, password=null), org.springframework.validation.BindingResult.loginForm=org.springframework.validation.BeanPropertyBindingResult: 0 errors}]]
2026-08-13T20:38:53.947+09:00  WARN 26756 --- [nio-8082-exec-7] actStandardFragmentInsertionTagProcessor : [THYMELEAF][http-nio-8082-exec-7][/users/loginForm] Deprecated unwrapped fragment expression "fragment/header.html :: header" found in template /users/loginForm, line 16, col 8. Please use the complete syntax of fragment expressions instead ("~{fragment/header.html :: header}"). The old, unwrapped syntax for fragment expressions will be removed in future versions of Thymeleaf.
2026-08-13T20:38:53.956+09:00  WARN 26756 --- [nio-8082-exec-7] actStandardFragmentInsertionTagProcessor : [THYMELEAF][http-nio-8082-exec-7][/users/loginForm] Deprecated unwrapped fragment expression "fragment/nav.html :: nav" found in template /users/loginForm, line 18, col 8. Please use the complete syntax of fragment expressions instead ("~{fragment/nav.html :: nav}"). The old, unwrapped syntax for fragment expressions will be removed in future versions of Thymeleaf.
2026-08-13T20:38:53.962+09:00  WARN 26756 --- [nio-8082-exec-7] actStandardFragmentInsertionTagProcessor : [THYMELEAF][http-nio-8082-exec-7][/users/loginForm] Deprecated unwrapped fragment expression "fragment/footer.html :: footer" found in template /users/loginForm, line 53, col 8. Please use the complete syntax of fragment expressions instead ("~{fragment/footer.html :: footer}"). The old, unwrapped syntax for fragment expressions will be removed in future versions of Thymeleaf.
2026-08-13T20:38:53.964+09:00  INFO 26756 --- [nio-8082-exec-7] p.m.web.interceptor.LogInterceptor       : RESPONSE [425a8640-714a-4e06-a829-faa96b7b82e4][/login]
2026-08-13T20:39:18.166+09:00  INFO 26756 --- [nio-8082-exec-2] p.m.web.interceptor.LogInterceptor       : REQUEST [0901efde-d547-4da9-a016-6b2a9a6e07a6][/login][project.movie24.user.controller.LoginController#loginForm(LoginForm)]
2026-08-13T20:39:18.166+09:00  INFO 26756 --- [nio-8082-exec-2] p.m.web.interceptor.LogInterceptor       : postHandle [ModelAndView [view="/users/loginForm"; model={loginForm=LoginForm(loginId=null, password=null), org.springframework.validation.BindingResult.loginForm=org.springframework.validation.BeanPropertyBindingResult: 0 errors}]]
2026-08-13T20:39:18.171+09:00  WARN 26756 --- [nio-8082-exec-2] actStandardFragmentInsertionTagProcessor : [THYMELEAF][http-nio-8082-exec-2][/users/loginForm] Deprecated unwrapped fragment expression "fragment/header.html :: header" found in template /users/loginForm, line 16, col 8. Please use the complete syntax of fragment expressions instead ("~{fragment/header.html :: header}"). The old, unwrapped syntax for fragment expressions will be removed in future versions of Thymeleaf.
2026-08-13T20:39:18.174+09:00  WARN 26756 --- [nio-8082-exec-2] actStandardFragmentInsertionTagProcessor : [THYMELEAF][http-nio-8082-exec-2][/users/loginForm] Deprecated unwrapped fragment expression "fragment/nav.html :: nav" found in template /users/loginForm, line 18, col 8. Please use the complete syntax of fragment expressions instead ("~{fragment/nav.html :: nav}"). The old, unwrapped syntax for fragment expressions will be removed in future versions of Thymeleaf.
2026-08-13T20:39:18.176+09:00  WARN 26756 --- [nio-8082-exec-2] actStandardFragmentInsertionTagProcessor : [THYMELEAF][http-nio-8082-exec-2][/users/loginForm] Deprecated unwrapped fragment expression "fragment/footer.html :: footer" found in template /users/loginForm, line 53, col 8. Please use the complete syntax of fragment expressions instead ("~{fragment/footer.html :: footer}"). The old, unwrapped syntax for fragment expressions will be removed in future versions of Thymeleaf.
2026-08-13T20:39:18.178+09:00  INFO 26756 --- [nio-8082-exec-2] p.m.web.interceptor.LogInterceptor       : RESPONSE [0901efde-d547-4da9-a016-6b2a9a6e07a6][/login]
2026-08-13T20:39:32.882+09:00  INFO 26756 --- [nio-8082-exec-6] p.m.web.interceptor.LogInterceptor       : REQUEST [941d577e-aca5-4ac2-9df1-81ce035ffa51][/login][project.movie24.user.controller.LoginController#loginForm(LoginForm)]
2026-08-13T20:39:32.890+09:00  INFO 26756 --- [nio-8082-exec-6] p.m.web.interceptor.LogInterceptor       : postHandle [ModelAndView [view="/users/loginForm"; model={loginForm=LoginForm(loginId=null, password=null), org.springframework.validation.BindingResult.loginForm=org.springframework.validation.BeanPropertyBindingResult: 0 errors}]]
2026-08-13T20:39:32.890+09:00  WARN 26756 --- [nio-8082-exec-6] actStandardFragmentInsertionTagProcessor : [THYMELEAF][http-nio-8082-exec-6][/users/loginForm] Deprecated unwrapped fragment expression "fragment/header.html :: header" found in template /users/loginForm, line 16, col 8. Please use the complete syntax of fragment expressions instead ("~{fragment/header.html :: header}"). The old, unwrapped syntax for fragment expressions will be removed in future versions of Thymeleaf.
2026-08-13T20:39:32.895+09:00  WARN 26756 --- [nio-8082-exec-6] actStandardFragmentInsertionTagProcessor : [THYMELEAF][http-nio-8082-exec-6][/users/loginForm] Deprecated unwrapped fragment expression "fragment/nav.html :: nav" found in template /users/loginForm, line 18, col 8. Please use the complete syntax of fragment expressions instead ("~{fragment/nav.html :: nav}"). The old, unwrapped syntax for fragment expressions will be removed in future versions of Thymeleaf.
2026-08-13T20:39:32.898+09:00  WARN 26756 --- [nio-8082-exec-6] actStandardFragmentInsertionTagProcessor : [THYMELEAF][http-nio-8082-exec-6][/users/loginForm] Deprecated unwrapped fragment expression "fragment/footer.html :: footer" found in template /users/loginForm, line 53, col 8. Please use the complete syntax of fragment expressions instead ("~{fragment/footer.html :: footer}"). The old, unwrapped syntax for fragment expressions will be removed in future versions of Thymeleaf.
2026-08-13T20:39:32.898+09:00  INFO 26756 --- [nio-8082-exec-6] p.m.web.interceptor.LogInterceptor       : RESPONSE [941d577e-aca5-4ac2-9df1-81ce035ffa51][/login]
2026-08-13T20:39:57.584+09:00  INFO 26756 --- [nio-8082-exec-3] p.m.web.interceptor.LogInterceptor       : REQUEST [b5b99a64-68f2-4b40-a441-7f4b19848a85][/login][project.movie24.user.controller.LoginController#loginV4(LoginForm, BindingResult, String, HttpServletRequest, HttpServletResponse)]
Hibernate: 
    select
        u1_0.user_id,
        u1_0.address,
        u1_0.birth_date,
        u1_0.created_at,
        u1_0.email,
        u1_0.email_status,
        u1_0.gender,
        u1_0.grade,
        u1_0.login_id,
        u1_0.name,
        u1_0.nick_name,
        u1_0.password,
        u1_0.phone,
        u1_0.point,
        u1_0.provider,
        u1_0.provider_id,
        u1_0.updated_at 
    from
        user u1_0 
    where
        u1_0.login_id=?
2026-08-13T20:39:57.694+09:00  INFO 26756 --- [nio-8082-exec-3] p.m.web.interceptor.LogInterceptor       : postHandle [ModelAndView [view="redirect:/"; model={}]]
2026-08-13T20:39:57.696+09:00  INFO 26756 --- [nio-8082-exec-3] p.m.web.interceptor.LogInterceptor       : RESPONSE [b5b99a64-68f2-4b40-a441-7f4b19848a85][/login]
2026-08-13T20:39:57.702+09:00  INFO 26756 --- [nio-8082-exec-5] p.m.web.interceptor.LogInterceptor       : REQUEST [51ab2ae8-ba36-4ef6-9076-9f46ceef8864][/][project.movie24.HomeController#home(Model)]
Hibernate: 
    select
        e1_0.event_id,
        e1_0.content,
        e1_0.created_at,
        e1_0.display_order,
        e1_0.end_date,
        e1_0.start_date,
        e1_0.status,
        e1_0.thumbnail_url,
        e1_0.title,
        e1_0.updated_at,
        e1_0.winner_announced,
        e1_0.winner_content 
    from
        event e1_0
2026-08-13T20:39:57.707+09:00  INFO 26756 --- [nio-8082-exec-5] p.m.web.interceptor.LogInterceptor       : postHandle [ModelAndView [view="home"; model={homeEvents=[project.movie24.event.domain.Event@15b12676, project.movie24.event.domain.Event@224607a0, project.movie24.event.domain.Event@781fc75b, project.movie24.event.domain.Event@30c31646, project.movie24.event.domain.Event@2cdd14be, project.movie24.event.domain.Event@3e346d82, project.movie24.event.domain.Event@38974000, project.movie24.event.domain.Event@104e1072, project.movie24.event.domain.Event@54f29e21, project.movie24.event.domain.Event@49b7b140]}]]
2026-08-13T20:39:57.707+09:00  WARN 26756 --- [nio-8082-exec-5] actStandardFragmentInsertionTagProcessor : [THYMELEAF][http-nio-8082-exec-5][home] Deprecated unwrapped fragment expression "fragment/header.html :: header" found in template home, line 17, col 10. Please use the complete syntax of fragment expressions instead ("~{fragment/header.html :: header}"). The old, unwrapped syntax for fragment expressions will be removed in future versions of Thymeleaf.
2026-08-13T20:39:57.711+09:00  WARN 26756 --- [nio-8082-exec-5] actStandardFragmentInsertionTagProcessor : [THYMELEAF][http-nio-8082-exec-5][home] Deprecated unwrapped fragment expression "fragment/nav.html :: nav" found in template home, line 19, col 10. Please use the complete syntax of fragment expressions instead ("~{fragment/nav.html :: nav}"). The old, unwrapped syntax for fragment expressions will be removed in future versions of Thymeleaf.
2026-08-13T20:39:57.722+09:00  WARN 26756 --- [nio-8082-exec-5] actStandardFragmentInsertionTagProcessor : [THYMELEAF][http-nio-8082-exec-5][home] Deprecated unwrapped fragment expression "fragment/footer.html :: footer" found in template home, line 203, col 10. Please use the complete syntax of fragment expressions instead ("~{fragment/footer.html :: footer}"). The old, unwrapped syntax for fragment expressions will be removed in future versions of Thymeleaf.
2026-08-13T20:39:57.725+09:00  INFO 26756 --- [nio-8082-exec-5] p.m.web.interceptor.LogInterceptor       : RESPONSE [51ab2ae8-ba36-4ef6-9076-9f46ceef8864][/]
2026-08-13T20:40:06.649+09:00  INFO 26756 --- [nio-8082-exec-6] p.m.web.interceptor.LogInterceptor       : REQUEST [831e2d6e-6d2d-4f1c-9a4e-023443281675][/myPage/reservations/552][project.movie24.mypage.controller.MyPageController#reservationDetail(UserPrincipal, Long, Model)]
Hibernate: 
    select
        r1_0.reservation_id,
        r1_0.coupon_discount_amount,
        r1_0.earned_point,
        r1_0.entry_code,
        r1_0.grade_discount_amount,
        r1_0.reserved_at,
        r1_0.showtime_id,
        r1_0.status,
        r1_0.ticket_voucher_id,
        r1_0.total_price,
        r1_0.used_point,
        r1_0.user_id,
        r1_0.user_coupon_id,
        r1_0.voucher_discount_amount 
    from
        reservation r1_0 
    where
        r1_0.reservation_id=?
Hibernate: 
    select
        rs1_0.reservation_seat_id,
        rs1_0.reservation_id,
        rs1_0.seat_id,
        rs1_0.showtime_id 
    from
        reservation_seat rs1_0 
    left join
        reservation r1_0 
            on r1_0.reservation_id=rs1_0.reservation_id 
    where
        r1_0.reservation_id=?
Hibernate: 
    select
        s1_0.seat_id,
        s1_0.row_label,
        s1_0.screen_id,
        s1_0.seat_number 
    from
        seat s1_0 
    where
        s1_0.seat_id=?
Hibernate: 
    select
        s1_0.seat_id,
        s1_0.row_label,
        s1_0.screen_id,
        s1_0.seat_number 
    from
        seat s1_0 
    where
        s1_0.seat_id=?
2026-08-13T20:40:06.665+09:00  INFO 26756 --- [nio-8082-exec-6] p.m.web.interceptor.LogInterceptor       : postHandle [ModelAndView [view="myPage/reservationDetail"; model={reservation=project.movie24.reservation.domain.Reservation@4b11eb93, seatLabels=[C10, C11], org.springframework.validation.BindingResult.reservation=org.springframework.validation.BeanPropertyBindingResult: 0 errors}]]
2026-08-13T20:40:06.668+09:00  WARN 26756 --- [nio-8082-exec-6] actStandardFragmentInsertionTagProcessor : [THYMELEAF][http-nio-8082-exec-6][myPage/reservationDetail] Deprecated unwrapped fragment expression "fragment/header.html :: header" found in template myPage/reservationDetail, line 17, col 10. Please use the complete syntax of fragment expressions instead ("~{fragment/header.html :: header}"). The old, unwrapped syntax for fragment expressions will be removed in future versions of Thymeleaf.
2026-08-13T20:40:06.669+09:00  WARN 26756 --- [nio-8082-exec-6] actStandardFragmentInsertionTagProcessor : [THYMELEAF][http-nio-8082-exec-6][myPage/reservationDetail] Deprecated unwrapped fragment expression "fragment/nav.html :: nav" found in template myPage/reservationDetail, line 18, col 10. Please use the complete syntax of fragment expressions instead ("~{fragment/nav.html :: nav}"). The old, unwrapped syntax for fragment expressions will be removed in future versions of Thymeleaf.
Hibernate: 
    select
        s1_0.showtime_id,
        s1_0.base_price,
        s1_0.movie_id,
        s1_0.screen_id,
        s1_0.start_time 
    from
        showtime s1_0 
    where
        s1_0.showtime_id=?
Hibernate: 
    select
        m1_0.movie_id,
        m1_0.actors,
        m1_0.age_rating,
        m1_0.country,
        m1_0.director,
        m1_0.genre,
        m1_0.poster_image_url,
        m1_0.release_date,
        m1_0.runtime_minutes,
        m1_0.status,
        m1_0.synopsis,
        m1_0.title,
        m1_0.trailer_video_url 
    from
        movie m1_0 
    where
        m1_0.movie_id=?
Hibernate: 
    select
        s1_0.screen_id,
        s1_0.name,
        s1_0.screen_type,
        s1_0.theater_id,
        s1_0.total_seats 
    from
        screen s1_0 
    where
        s1_0.screen_id=?
Hibernate: 
    select
        t1_0.theater_id,
        t1_0.address,
        t1_0.latitude,
        t1_0.longitude,
        t1_0.name,
        t1_0.region 
    from
        theater t1_0 
    where
        t1_0.theater_id=?
2026-08-13T20:40:06.679+09:00  WARN 26756 --- [nio-8082-exec-6] actStandardFragmentInsertionTagProcessor : [THYMELEAF][http-nio-8082-exec-6][myPage/reservationDetail] Deprecated unwrapped fragment expression "fragment/footer.html :: footer" found in template myPage/reservationDetail, line 127, col 10. Please use the complete syntax of fragment expressions instead ("~{fragment/footer.html :: footer}"). The old, unwrapped syntax for fragment expressions will be removed in future versions of Thymeleaf.
2026-08-13T20:40:06.683+09:00  INFO 26756 --- [nio-8082-exec-6] p.m.web.interceptor.LogInterceptor       : RESPONSE [831e2d6e-6d2d-4f1c-9a4e-023443281675][/myPage/reservations/552]
2026-08-13T20:41:11.408+09:00  INFO 26756 --- [nio-8082-exec-3] p.m.web.interceptor.LogInterceptor       : REQUEST [c3d92352-32d9-4ea3-8011-32db70ae948d][/myPage/orders/1][project.movie24.mypage.controller.MyPageController#orderDetail(UserPrincipal, Long, Model)]
Hibernate: 
    select
        so1_0.store_order_id,
        so1_0.entry_code,
        so1_0.order_uid,
        so1_0.ordered_at,
        so1_0.total_amount,
        so1_0.user_id 
    from
        store_order so1_0 
    where
        so1_0.store_order_id=?
Hibernate: 
    select
        soi1_0.store_order_item_id,
        soi1_0.item_name,
        soi1_0.quantity,
        soi1_0.store_item_id,
        soi1_0.store_order_id,
        soi1_0.unit_price 
    from
        store_order_item soi1_0 
    left join
        store_order so1_0 
            on so1_0.store_order_id=soi1_0.store_order_id 
    where
        so1_0.store_order_id=?
2026-08-13T20:41:11.432+09:00  INFO 26756 --- [nio-8082-exec-3] p.m.web.interceptor.LogInterceptor       : postHandle [ModelAndView [view="myPage/orderDetail"; model={order=project.movie24.store.domain.StoreOrder@10e5ba26, orderItems=[project.movie24.store.dto.StoreOrderItemResponse@67f930fc], org.springframework.validation.BindingResult.order=org.springframework.validation.BeanPropertyBindingResult: 0 errors}]]
2026-08-13T20:41:11.435+09:00  WARN 26756 --- [nio-8082-exec-3] actStandardFragmentInsertionTagProcessor : [THYMELEAF][http-nio-8082-exec-3][myPage/orderDetail] Deprecated unwrapped fragment expression "fragment/header.html :: header" found in template myPage/orderDetail, line 17, col 10. Please use the complete syntax of fragment expressions instead ("~{fragment/header.html :: header}"). The old, unwrapped syntax for fragment expressions will be removed in future versions of Thymeleaf.
2026-08-13T20:41:11.438+09:00  WARN 26756 --- [nio-8082-exec-3] actStandardFragmentInsertionTagProcessor : [THYMELEAF][http-nio-8082-exec-3][myPage/orderDetail] Deprecated unwrapped fragment expression "fragment/nav.html :: nav" found in template myPage/orderDetail, line 18, col 10. Please use the complete syntax of fragment expressions instead ("~{fragment/nav.html :: nav}"). The old, unwrapped syntax for fragment expressions will be removed in future versions of Thymeleaf.
2026-08-13T20:41:11.440+09:00  WARN 26756 --- [nio-8082-exec-3] actStandardFragmentInsertionTagProcessor : [THYMELEAF][http-nio-8082-exec-3][myPage/orderDetail] Deprecated unwrapped fragment expression "fragment/footer.html :: footer" found in template myPage/orderDetail, line 84, col 10. Please use the complete syntax of fragment expressions instead ("~{fragment/footer.html :: footer}"). The old, unwrapped syntax for fragment expressions will be removed in future versions of Thymeleaf.
2026-08-13T20:41:11.440+09:00  INFO 26756 --- [nio-8082-exec-3] p.m.web.interceptor.LogInterceptor       : RESPONSE [c3d92352-32d9-4ea3-8011-32db70ae948d][/myPage/orders/1]

> Task :bootRun FAILED
4 actionable tasks: 3 executed, 1 up-to-date
